[01-Jun-2025 20:09:05 Europe/Berlin] Verifying token: eyJ0eXAiOi...
[01-Jun-2025 20:09:05 Europe/Berlin] Token belongs to user_id: 1
[01-Jun-2025 20:09:05 Europe/Berlin] getCartItems raw fetched items: Array
(
)

[02-Jun-2025 02:09:05 Asia/Manila] API Request: /api/stations/horizontal
[02-Jun-2025 02:09:05 Asia/Manila] API Request: /api/stations/horizontal
[01-Jun-2025 20:09:13 Europe/Berlin] Verifying token: eyJ0eXAiOi...
[01-Jun-2025 20:09:13 Europe/Berlin] Verifying token: eyJ0eXAiOi...
[01-Jun-2025 20:09:13 Europe/Berlin] Token belongs to user_id: 1
[01-Jun-2025 20:09:13 Europe/Berlin] Token belongs to user_id: 1
[01-Jun-2025 20:09:13 Europe/Berlin] Starting cart sync for user_id: 1
[01-Jun-2025 20:09:13 Europe/Berlin] Syncing from guest session: guest_1747815353369_yjne75n0yec to user: 1
[01-Jun-2025 20:09:13 Europe/Berlin] No guest cart found for session_id: guest_1747815353369_yjne75n0yec
[01-Jun-2025 20:09:13 Europe/Berlin] getCartItems raw fetched items: Array
(
)

[01-Jun-2025 20:09:14 Europe/Berlin] Verifying token: eyJ0eXAiOi...
[01-Jun-2025 20:09:14 Europe/Berlin] Token belongs to user_id: 1
[01-Jun-2025 20:09:14 Europe/Berlin] getCartItems raw fetched items: Array
(
)

[01-Jun-2025 20:09:28 Europe/Berlin] addToCart received data: stdClass Object
(
    [station_id] => 26
    [station_type] => horizontal
    [station_name] => MMA-1
    [session_id] => guest_1747815353369_yjne75n0yec
)

[01-Jun-2025 20:09:28 Europe/Berlin] Verifying token: eyJ0eXAiOi...
[01-Jun-2025 20:09:28 Europe/Berlin] Token belongs to user_id: 1
[01-Jun-2025 20:09:28 Europe/Berlin] Getting cart for user_id: 1, session_id: guest_1747815353369_yjne75n0yec
[01-Jun-2025 20:09:28 Europe/Berlin] Found existing user cart ID: 7
[01-Jun-2025 20:09:28 Europe/Berlin] Executing INSERT for cart_item with cart_id: 7, station_id: 26, station_name: MMA-1, station_type: horizontal
[01-Jun-2025 20:09:30 Europe/Berlin] addToCart received data: stdClass Object
(
    [station_id] => 26
    [station_type] => caap
    [station_name] => MMA-1
    [session_id] => guest_1747815353369_yjne75n0yec
)

[01-Jun-2025 20:09:30 Europe/Berlin] Verifying token: eyJ0eXAiOi...
[01-Jun-2025 20:09:30 Europe/Berlin] Token belongs to user_id: 1
[01-Jun-2025 20:09:30 Europe/Berlin] Getting cart for user_id: 1, session_id: guest_1747815353369_yjne75n0yec
[01-Jun-2025 20:09:30 Europe/Berlin] Found existing user cart ID: 7
[01-Jun-2025 20:09:30 Europe/Berlin] Executing INSERT for cart_item with cart_id: 7, station_id: 26, station_name: MMA-1, station_type: caap
[01-Jun-2025 20:09:33 Europe/Berlin] Verifying token: eyJ0eXAiOi...
[01-Jun-2025 20:09:33 Europe/Berlin] Token belongs to user_id: 1
[01-Jun-2025 20:09:33 Europe/Berlin] getCartItems raw fetched items: Array
(
    [0] => Array
        (
            [item_id] => 234
            [station_id] => 26
            [station_name] => MMA-1
            [station_type] => 
            [added_at] => 2025-06-02 02:09:30
        )

    [1] => Array
        (
            [item_id] => 233
            [station_id] => 26
            [station_name] => MMA-1
            [station_type] => horizontal
            [added_at] => 2025-06-02 02:09:28
        )

)

[02-Jun-2025 02:09:33 Asia/Manila] API Request: /api/stations/horizontal
[02-Jun-2025 02:09:33 Asia/Manila] API Request: /api/stations/horizontal
[01-Jun-2025 20:09:40 Europe/Berlin] Verifying token: eyJ0eXAiOi...
[01-Jun-2025 20:09:40 Europe/Berlin] Verifying token: eyJ0eXAiOi...
[01-Jun-2025 20:09:40 Europe/Berlin] Token belongs to user_id: 1
[01-Jun-2025 20:09:40 Europe/Berlin] Token belongs to user_id: 1
[01-Jun-2025 20:09:40 Europe/Berlin] Starting cart sync for user_id: 1
[01-Jun-2025 20:09:40 Europe/Berlin] Syncing from guest session: guest_1747815353369_yjne75n0yec to user: 1
[01-Jun-2025 20:09:40 Europe/Berlin] No guest cart found for session_id: guest_1747815353369_yjne75n0yec
[01-Jun-2025 20:09:40 Europe/Berlin] getCartItems raw fetched items: Array
(
    [0] => Array
        (
            [item_id] => 234
            [station_id] => 26
            [station_name] => MMA-1
            [station_type] => 
            [added_at] => 2025-06-02 02:09:30
        )

    [1] => Array
        (
            [item_id] => 233
            [station_id] => 26
            [station_name] => MMA-1
            [station_type] => horizontal
            [added_at] => 2025-06-02 02:09:28
        )

)

[01-Jun-2025 20:09:41 Europe/Berlin] Verifying token: eyJ0eXAiOi...
[01-Jun-2025 20:09:41 Europe/Berlin] Token belongs to user_id: 1
[01-Jun-2025 20:09:41 Europe/Berlin] getCartItems raw fetched items: Array
(
    [0] => Array
        (
            [item_id] => 234
            [station_id] => 26
            [station_name] => MMA-1
            [station_type] => 
            [added_at] => 2025-06-02 02:09:30
        )

    [1] => Array
        (
            [item_id] => 233
            [station_id] => 26
            [station_name] => MMA-1
            [station_type] => horizontal
            [added_at] => 2025-06-02 02:09:28
        )

)

[01-Jun-2025 20:12:45 Europe/Berlin] Verifying token: eyJ0eXAiOi...
[01-Jun-2025 20:12:45 Europe/Berlin] Token belongs to user_id: 1
[01-Jun-2025 20:12:45 Europe/Berlin] getCartItems raw fetched items: Array
(
    [0] => Array
        (
            [item_id] => 234
            [station_id] => 26
            [station_name] => MMA-1
            [station_type] => caap
            [added_at] => 2025-06-02 02:09:30
        )

    [1] => Array
        (
            [item_id] => 233
            [station_id] => 26
            [station_name] => MMA-1
            [station_type] => horizontal
            [added_at] => 2025-06-02 02:09:28
        )

)

[02-Jun-2025 02:12:45 Asia/Manila] API Request: /api/stations/horizontal
[02-Jun-2025 02:12:45 Asia/Manila] API Request: /api/stations/horizontal
[01-Jun-2025 20:12:52 Europe/Berlin] Verifying token: eyJ0eXAiOi...
[01-Jun-2025 20:12:52 Europe/Berlin] Token belongs to user_id: 1
[01-Jun-2025 20:12:52 Europe/Berlin] Verifying token: eyJ0eXAiOi...
[01-Jun-2025 20:12:52 Europe/Berlin] Verifying token: eyJ0eXAiOi...
[01-Jun-2025 20:12:52 Europe/Berlin] Token belongs to user_id: 1
[01-Jun-2025 20:12:52 Europe/Berlin] Token belongs to user_id: 1
[01-Jun-2025 20:12:52 Europe/Berlin] Starting cart sync for user_id: 1
[01-Jun-2025 20:12:52 Europe/Berlin] Syncing from guest session: guest_1747815353369_yjne75n0yec to user: 1
[01-Jun-2025 20:12:52 Europe/Berlin] No guest cart found for session_id: guest_1747815353369_yjne75n0yec
[01-Jun-2025 20:12:52 Europe/Berlin] getCartItems raw fetched items: Array
(
    [0] => Array
        (
            [item_id] => 233
            [station_id] => 26
            [station_name] => MMA-1
            [station_type] => horizontal
            [added_at] => 2025-06-02 02:09:28
        )

)

[01-Jun-2025 20:12:53 Europe/Berlin] Verifying token: eyJ0eXAiOi...
[01-Jun-2025 20:12:53 Europe/Berlin] Token belongs to user_id: 1
[01-Jun-2025 20:12:53 Europe/Berlin] getCartItems raw fetched items: Array
(
    [0] => Array
        (
            [item_id] => 233
            [station_id] => 26
            [station_name] => MMA-1
            [station_type] => horizontal
            [added_at] => 2025-06-02 02:09:28
        )

)

[01-Jun-2025 20:12:55 Europe/Berlin] Verifying token: eyJ0eXAiOi...
[01-Jun-2025 20:12:55 Europe/Berlin] Token belongs to user_id: 1
[01-Jun-2025 20:13:01 Europe/Berlin] addToCart received data: stdClass Object
(
    [station_id] => 3
    [station_type] => caap
    [station_name] => BM-66 (MMA) INTER 2014
    [session_id] => guest_1747815353369_yjne75n0yec
)

[01-Jun-2025 20:13:01 Europe/Berlin] Verifying token: eyJ0eXAiOi...
[01-Jun-2025 20:13:01 Europe/Berlin] Token belongs to user_id: 1
[01-Jun-2025 20:13:01 Europe/Berlin] Getting cart for user_id: 1, session_id: guest_1747815353369_yjne75n0yec
[01-Jun-2025 20:13:01 Europe/Berlin] Found existing user cart ID: 7
[01-Jun-2025 20:13:01 Europe/Berlin] Executing INSERT for cart_item with cart_id: 7, station_id: 3, station_name: BM-66 (MMA) INTER 2014, station_type: caap
[01-Jun-2025 20:13:03 Europe/Berlin] addToCart received data: stdClass Object
(
    [station_id] => 3
    [station_type] => horizontal
    [station_name] => BM-66 (MMA) INTER 2014
    [session_id] => guest_1747815353369_yjne75n0yec
)

[01-Jun-2025 20:13:03 Europe/Berlin] Verifying token: eyJ0eXAiOi...
[01-Jun-2025 20:13:03 Europe/Berlin] Token belongs to user_id: 1
[01-Jun-2025 20:13:03 Europe/Berlin] Getting cart for user_id: 1, session_id: guest_1747815353369_yjne75n0yec
[01-Jun-2025 20:13:03 Europe/Berlin] Found existing user cart ID: 7
[01-Jun-2025 20:13:03 Europe/Berlin] Executing INSERT for cart_item with cart_id: 7, station_id: 3, station_name: BM-66 (MMA) INTER 2014, station_type: horizontal
[01-Jun-2025 20:13:06 Europe/Berlin] Verifying token: eyJ0eXAiOi...
[01-Jun-2025 20:13:06 Europe/Berlin] Token belongs to user_id: 1
[01-Jun-2025 20:13:06 Europe/Berlin] getCartItems raw fetched items: Array
(
    [0] => Array
        (
            [item_id] => 236
            [station_id] => 3
            [station_name] => BM-66 (MMA) INTER 2014
            [station_type] => horizontal
            [added_at] => 2025-06-02 02:13:03
        )

    [1] => Array
        (
            [item_id] => 235
            [station_id] => 3
            [station_name] => BM-66 (MMA) INTER 2014
            [station_type] => caap
            [added_at] => 2025-06-02 02:13:01
        )

)

[02-Jun-2025 02:13:06 Asia/Manila] API Request: /api/stations/horizontal
[02-Jun-2025 02:13:06 Asia/Manila] API Request: /api/stations/horizontal
[01-Jun-2025 20:13:07 Europe/Berlin] Verifying token: eyJ0eXAiOi...
[01-Jun-2025 20:13:07 Europe/Berlin] Token belongs to user_id: 1
[01-Jun-2025 20:13:07 Europe/Berlin] getCartItems raw fetched items: Array
(
    [0] => Array
        (
            [item_id] => 236
            [station_id] => 3
            [station_name] => BM-66 (MMA) INTER 2014
            [station_type] => horizontal
            [added_at] => 2025-06-02 02:13:03
        )

    [1] => Array
        (
            [item_id] => 235
            [station_id] => 3
            [station_name] => BM-66 (MMA) INTER 2014
            [station_type] => caap
            [added_at] => 2025-06-02 02:13:01
        )

)

[01-Jun-2025 20:13:13 Europe/Berlin] Verifying token: eyJ0eXAiOi...
[01-Jun-2025 20:13:13 Europe/Berlin] Token belongs to user_id: 1
[01-Jun-2025 20:13:13 Europe/Berlin] Starting cart sync for user_id: 1
[01-Jun-2025 20:13:13 Europe/Berlin] Syncing from guest session: guest_1747815353369_yjne75n0yec to user: 1
[01-Jun-2025 20:13:13 Europe/Berlin] No guest cart found for session_id: guest_1747815353369_yjne75n0yec
[01-Jun-2025 20:13:13 Europe/Berlin] Verifying token: eyJ0eXAiOi...
[01-Jun-2025 20:13:13 Europe/Berlin] Token belongs to user_id: 1
[01-Jun-2025 20:13:13 Europe/Berlin] getCartItems raw fetched items: Array
(
    [0] => Array
        (
            [item_id] => 236
            [station_id] => 3
            [station_name] => BM-66 (MMA) INTER 2014
            [station_type] => horizontal
            [added_at] => 2025-06-02 02:13:03
        )

    [1] => Array
        (
            [item_id] => 235
            [station_id] => 3
            [station_name] => BM-66 (MMA) INTER 2014
            [station_type] => caap
            [added_at] => 2025-06-02 02:13:01
        )

)

[01-Jun-2025 20:19:51 Europe/Berlin] Verifying token: eyJ0eXAiOi...
[01-Jun-2025 20:19:51 Europe/Berlin] Token belongs to user_id: 1
[01-Jun-2025 20:19:51 Europe/Berlin] getCartItems raw fetched items: Array
(
    [0] => Array
        (
            [item_id] => 236
            [station_id] => 3
            [station_name] => BM-66 (MMA) INTER 2014
            [station_type] => horizontal
            [added_at] => 2025-06-02 02:13:03
        )

    [1] => Array
        (
            [item_id] => 235
            [station_id] => 3
            [station_name] => BM-66 (MMA) INTER 2014
            [station_type] => caap
            [added_at] => 2025-06-02 02:13:01
        )

)

[02-Jun-2025 02:19:51 Asia/Manila] API Request: /api/stations/horizontal
[02-Jun-2025 02:19:51 Asia/Manila] API Request: /api/stations/horizontal
[01-Jun-2025 20:19:58 Europe/Berlin] Verifying token: eyJ0eXAiOi...
[01-Jun-2025 20:19:58 Europe/Berlin] Verifying token: eyJ0eXAiOi...
[01-Jun-2025 20:19:58 Europe/Berlin] Token belongs to user_id: 1
[01-Jun-2025 20:19:58 Europe/Berlin] Token belongs to user_id: 1
[01-Jun-2025 20:19:58 Europe/Berlin] Starting cart sync for user_id: 1
[01-Jun-2025 20:19:58 Europe/Berlin] Syncing from guest session: guest_1747815353369_yjne75n0yec to user: 1
[01-Jun-2025 20:19:58 Europe/Berlin] getCartItems raw fetched items: Array
(
    [0] => Array
        (
            [item_id] => 236
            [station_id] => 3
            [station_name] => BM-66 (MMA) INTER 2014
            [station_type] => horizontal
            [added_at] => 2025-06-02 02:13:03
        )

    [1] => Array
        (
            [item_id] => 235
            [station_id] => 3
            [station_name] => BM-66 (MMA) INTER 2014
            [station_type] => caap
            [added_at] => 2025-06-02 02:13:01
        )

)

[01-Jun-2025 20:19:58 Europe/Berlin] No guest cart found for session_id: guest_1747815353369_yjne75n0yec
[01-Jun-2025 20:19:59 Europe/Berlin] Verifying token: eyJ0eXAiOi...
[01-Jun-2025 20:19:59 Europe/Berlin] Token belongs to user_id: 1
[01-Jun-2025 20:19:59 Europe/Berlin] getCartItems raw fetched items: Array
(
    [0] => Array
        (
            [item_id] => 236
            [station_id] => 3
            [station_name] => BM-66 (MMA) INTER 2014
            [station_type] => horizontal
            [added_at] => 2025-06-02 02:13:03
        )

    [1] => Array
        (
            [item_id] => 235
            [station_id] => 3
            [station_name] => BM-66 (MMA) INTER 2014
            [station_type] => caap
            [added_at] => 2025-06-02 02:13:01
        )

)

[01-Jun-2025 20:24:55 Europe/Berlin] Verifying token: eyJ0eXAiOi...
[01-Jun-2025 20:24:55 Europe/Berlin] Token belongs to user_id: 1
[01-Jun-2025 20:24:55 Europe/Berlin] getCartItems raw fetched items: Array
(
    [0] => Array
        (
            [item_id] => 236
            [station_id] => 3
            [station_name] => BM-66 (MMA) INTER 2014
            [station_type] => horizontal
            [added_at] => 2025-06-02 02:13:03
        )

    [1] => Array
        (
            [item_id] => 235
            [station_id] => 3
            [station_name] => BM-66 (MMA) INTER 2014
            [station_type] => caap
            [added_at] => 2025-06-02 02:13:01
        )

)

[02-Jun-2025 02:24:55 Asia/Manila] API Request: /api/stations/horizontal
[02-Jun-2025 02:24:55 Asia/Manila] API Request: /api/stations/horizontal
[01-Jun-2025 20:24:59 Europe/Berlin] Verifying token: eyJ0eXAiOi...
[01-Jun-2025 20:24:59 Europe/Berlin] Token belongs to user_id: 1
[01-Jun-2025 20:24:59 Europe/Berlin] getCartItems raw fetched items: Array
(
    [0] => Array
        (
            [item_id] => 236
            [station_id] => 3
            [station_name] => BM-66 (MMA) INTER 2014
            [station_type] => horizontal
            [added_at] => 2025-06-02 02:13:03
        )

    [1] => Array
        (
            [item_id] => 235
            [station_id] => 3
            [station_name] => BM-66 (MMA) INTER 2014
            [station_type] => caap
            [added_at] => 2025-06-02 02:13:01
        )

)

[01-Jun-2025 20:25:02 Europe/Berlin] Verifying token: eyJ0eXAiOi...
[01-Jun-2025 20:25:02 Europe/Berlin] Token belongs to user_id: 1
[01-Jun-2025 20:25:02 Europe/Berlin] Starting cart sync for user_id: 1
[01-Jun-2025 20:25:02 Europe/Berlin] Syncing from guest session: guest_1747815353369_yjne75n0yec to user: 1
[01-Jun-2025 20:25:02 Europe/Berlin] No guest cart found for session_id: guest_1747815353369_yjne75n0yec
[01-Jun-2025 20:25:02 Europe/Berlin] Verifying token: eyJ0eXAiOi...
[01-Jun-2025 20:25:02 Europe/Berlin] Token belongs to user_id: 1
[01-Jun-2025 20:25:02 Europe/Berlin] getCartItems raw fetched items: Array
(
    [0] => Array
        (
            [item_id] => 236
            [station_id] => 3
            [station_name] => BM-66 (MMA) INTER 2014
            [station_type] => horizontal
            [added_at] => 2025-06-02 02:13:03
        )

    [1] => Array
        (
            [item_id] => 235
            [station_id] => 3
            [station_name] => BM-66 (MMA) INTER 2014
            [station_type] => caap
            [added_at] => 2025-06-02 02:13:01
        )

)

[01-Jun-2025 20:25:37 Europe/Berlin] addToCart received data: stdClass Object
(
    [station_id] => 1948
    [station_type] => horizontal
    [station_name] => MMA-5211 (BBM-66=CBM-7)
    [session_id] => guest_1747815353369_yjne75n0yec
)

[01-Jun-2025 20:25:37 Europe/Berlin] Verifying token: eyJ0eXAiOi...
[01-Jun-2025 20:25:37 Europe/Berlin] Token belongs to user_id: 1
[01-Jun-2025 20:25:37 Europe/Berlin] Getting cart for user_id: 1, session_id: guest_1747815353369_yjne75n0yec
[01-Jun-2025 20:25:37 Europe/Berlin] Found existing user cart ID: 7
[01-Jun-2025 20:25:37 Europe/Berlin] Executing INSERT for cart_item with cart_id: 7, station_id: 1948, station_name: MMA-5211 (BBM-66=CBM-7), station_type: horizontal
[01-Jun-2025 20:25:43 Europe/Berlin] addToCart received data: stdClass Object
(
    [station_id] => 1948
    [station_type] => caap
    [station_name] => MMA-5211 (BBM-66=CBM-7)
    [session_id] => guest_1747815353369_yjne75n0yec
)

[01-Jun-2025 20:25:43 Europe/Berlin] Verifying token: eyJ0eXAiOi...
[01-Jun-2025 20:25:43 Europe/Berlin] Token belongs to user_id: 1
[01-Jun-2025 20:25:43 Europe/Berlin] Getting cart for user_id: 1, session_id: guest_1747815353369_yjne75n0yec
[01-Jun-2025 20:25:43 Europe/Berlin] Found existing user cart ID: 7
[01-Jun-2025 20:25:43 Europe/Berlin] Executing INSERT for cart_item with cart_id: 7, station_id: 1948, station_name: MMA-5211 (BBM-66=CBM-7), station_type: caap
[01-Jun-2025 20:29:44 Europe/Berlin] Verifying token: eyJ0eXAiOi...
[01-Jun-2025 20:29:44 Europe/Berlin] Token belongs to user_id: 1
[01-Jun-2025 20:29:44 Europe/Berlin] getCartItems raw fetched items: Array
(
    [0] => Array
        (
            [item_id] => 238
            [station_id] => 1948
            [station_name] => MMA-5211 (BBM-66=CBM-7)
            [station_type] => caap
            [added_at] => 2025-06-02 02:25:43
        )

    [1] => Array
        (
            [item_id] => 237
            [station_id] => 1948
            [station_name] => MMA-5211 (BBM-66=CBM-7)
            [station_type] => horizontal
            [added_at] => 2025-06-02 02:25:37
        )

    [2] => Array
        (
            [item_id] => 236
            [station_id] => 3
            [station_name] => BM-66 (MMA) INTER 2014
            [station_type] => horizontal
            [added_at] => 2025-06-02 02:13:03
        )

    [3] => Array
        (
            [item_id] => 235
            [station_id] => 3
            [station_name] => BM-66 (MMA) INTER 2014
            [station_type] => caap
            [added_at] => 2025-06-02 02:13:01
        )

)

[02-Jun-2025 02:29:44 Asia/Manila] API Request: /api/stations/horizontal
[02-Jun-2025 02:29:44 Asia/Manila] API Request: /api/stations/horizontal
[01-Jun-2025 20:29:52 Europe/Berlin] Verifying token: eyJ0eXAiOi...
[01-Jun-2025 20:29:52 Europe/Berlin] Verifying token: eyJ0eXAiOi...
[01-Jun-2025 20:29:52 Europe/Berlin] Token belongs to user_id: 1
[01-Jun-2025 20:29:52 Europe/Berlin] Token belongs to user_id: 1
[01-Jun-2025 20:29:52 Europe/Berlin] Starting cart sync for user_id: 1
[01-Jun-2025 20:29:52 Europe/Berlin] Syncing from guest session: guest_1747815353369_yjne75n0yec to user: 1
[01-Jun-2025 20:29:52 Europe/Berlin] No guest cart found for session_id: guest_1747815353369_yjne75n0yec
[01-Jun-2025 20:29:52 Europe/Berlin] getCartItems raw fetched items: Array
(
    [0] => Array
        (
            [item_id] => 238
            [station_id] => 1948
            [station_name] => MMA-5211 (BBM-66=CBM-7)
            [station_type] => caap
            [added_at] => 2025-06-02 02:25:43
        )

    [1] => Array
        (
            [item_id] => 237
            [station_id] => 1948
            [station_name] => MMA-5211 (BBM-66=CBM-7)
            [station_type] => horizontal
            [added_at] => 2025-06-02 02:25:37
        )

    [2] => Array
        (
            [item_id] => 236
            [station_id] => 3
            [station_name] => BM-66 (MMA) INTER 2014
            [station_type] => horizontal
            [added_at] => 2025-06-02 02:13:03
        )

    [3] => Array
        (
            [item_id] => 235
            [station_id] => 3
            [station_name] => BM-66 (MMA) INTER 2014
            [station_type] => caap
            [added_at] => 2025-06-02 02:13:01
        )

)

[01-Jun-2025 20:29:52 Europe/Berlin] Verifying token: eyJ0eXAiOi...
[01-Jun-2025 20:29:52 Europe/Berlin] Token belongs to user_id: 1
[01-Jun-2025 20:29:52 Europe/Berlin] getCartItems raw fetched items: Array
(
    [0] => Array
        (
            [item_id] => 238
            [station_id] => 1948
            [station_name] => MMA-5211 (BBM-66=CBM-7)
            [station_type] => caap
            [added_at] => 2025-06-02 02:25:43
        )

    [1] => Array
        (
            [item_id] => 237
            [station_id] => 1948
            [station_name] => MMA-5211 (BBM-66=CBM-7)
            [station_type] => horizontal
            [added_at] => 2025-06-02 02:25:37
        )

    [2] => Array
        (
            [item_id] => 236
            [station_id] => 3
            [station_name] => BM-66 (MMA) INTER 2014
            [station_type] => horizontal
            [added_at] => 2025-06-02 02:13:03
        )

    [3] => Array
        (
            [item_id] => 235
            [station_id] => 3
            [station_name] => BM-66 (MMA) INTER 2014
            [station_type] => caap
            [added_at] => 2025-06-02 02:13:01
        )

)

[01-Jun-2025 20:29:56 Europe/Berlin] addToCart received data: stdClass Object
(
    [station_id] => 356
    [station_type] => vertical
    [station_name] => MMA-3202
    [session_id] => guest_1747815353369_yjne75n0yec
)

[01-Jun-2025 20:29:56 Europe/Berlin] Verifying token: eyJ0eXAiOi...
[01-Jun-2025 20:29:56 Europe/Berlin] Token belongs to user_id: 1
[01-Jun-2025 20:29:56 Europe/Berlin] Getting cart for user_id: 1, session_id: guest_1747815353369_yjne75n0yec
[01-Jun-2025 20:29:56 Europe/Berlin] Found existing user cart ID: 7
[01-Jun-2025 20:29:56 Europe/Berlin] Executing INSERT for cart_item with cart_id: 7, station_id: 356, station_name: MMA-3202, station_type: vertical
[01-Jun-2025 20:30:01 Europe/Berlin] addToCart received data: stdClass Object
(
    [station_id] => 354
    [station_type] => vertical
    [station_name] => MMA-3201
    [session_id] => guest_1747815353369_yjne75n0yec
)

[01-Jun-2025 20:30:01 Europe/Berlin] Verifying token: eyJ0eXAiOi...
[01-Jun-2025 20:30:01 Europe/Berlin] Token belongs to user_id: 1
[01-Jun-2025 20:30:01 Europe/Berlin] Getting cart for user_id: 1, session_id: guest_1747815353369_yjne75n0yec
[01-Jun-2025 20:30:01 Europe/Berlin] Found existing user cart ID: 7
[01-Jun-2025 20:30:01 Europe/Berlin] Executing INSERT for cart_item with cart_id: 7, station_id: 354, station_name: MMA-3201, station_type: vertical
[01-Jun-2025 20:30:37 Europe/Berlin] addToCart received data: stdClass Object
(
    [station_id] => 1390
    [station_type] => vertical
    [station_name] => MMA-4225
    [session_id] => guest_1747815353369_yjne75n0yec
)

[01-Jun-2025 20:30:37 Europe/Berlin] Verifying token: eyJ0eXAiOi...
[01-Jun-2025 20:30:37 Europe/Berlin] Token belongs to user_id: 1
[01-Jun-2025 20:30:37 Europe/Berlin] Getting cart for user_id: 1, session_id: guest_1747815353369_yjne75n0yec
[01-Jun-2025 20:30:37 Europe/Berlin] Found existing user cart ID: 7
[01-Jun-2025 20:30:37 Europe/Berlin] Executing INSERT for cart_item with cart_id: 7, station_id: 1390, station_name: MMA-4225, station_type: vertical
[02-Jun-2025 02:31:58 Asia/Manila] API Request: /api/stations/gravity
[01-Jun-2025 20:32:04 Europe/Berlin] addToCart received data: stdClass Object
(
    [station_id] => 20061
    [station_type] => vertical
    [station_name] => CIMA-18A
    [session_id] => guest_1747815353369_yjne75n0yec
)

[01-Jun-2025 20:32:04 Europe/Berlin] Verifying token: eyJ0eXAiOi...
[01-Jun-2025 20:32:04 Europe/Berlin] Token belongs to user_id: 1
[01-Jun-2025 20:32:04 Europe/Berlin] Getting cart for user_id: 1, session_id: guest_1747815353369_yjne75n0yec
[01-Jun-2025 20:32:04 Europe/Berlin] Found existing user cart ID: 7
[01-Jun-2025 20:32:04 Europe/Berlin] Executing INSERT for cart_item with cart_id: 7, station_id: 20061, station_name: CIMA-18A, station_type: vertical
[02-Jun-2025 02:32:14 Asia/Manila] API Request: /api/stations/vertical
[01-Jun-2025 20:32:21 Europe/Berlin] addToCart received data: stdClass Object
(
    [station_id] => 787
    [station_type] => vertical
    [station_name] => MMA-4239
    [session_id] => guest_1747815353369_yjne75n0yec
)

[01-Jun-2025 20:32:21 Europe/Berlin] Verifying token: eyJ0eXAiOi...
[01-Jun-2025 20:32:21 Europe/Berlin] Token belongs to user_id: 1
[01-Jun-2025 20:32:21 Europe/Berlin] Getting cart for user_id: 1, session_id: guest_1747815353369_yjne75n0yec
[01-Jun-2025 20:32:21 Europe/Berlin] Found existing user cart ID: 7
[01-Jun-2025 20:32:21 Europe/Berlin] Executing INSERT for cart_item with cart_id: 7, station_id: 787, station_name: MMA-4239, station_type: vertical
[01-Jun-2025 20:42:27 Europe/Berlin] Verifying token: eyJ0eXAiOi...
[01-Jun-2025 20:42:27 Europe/Berlin] Token belongs to user_id: 1
[01-Jun-2025 20:42:28 Europe/Berlin] Verifying token: eyJ0eXAiOi...
[01-Jun-2025 20:42:28 Europe/Berlin] Token belongs to user_id: 1
[01-Jun-2025 20:42:29 Europe/Berlin] Verifying token: eyJ0eXAiOi...
[01-Jun-2025 20:42:29 Europe/Berlin] Token belongs to user_id: 1
[01-Jun-2025 20:42:29 Europe/Berlin] Verifying token: eyJ0eXAiOi...
[01-Jun-2025 20:42:29 Europe/Berlin] Token belongs to user_id: 1
[01-Jun-2025 20:42:30 Europe/Berlin] Verifying token: eyJ0eXAiOi...
[01-Jun-2025 20:42:30 Europe/Berlin] Token belongs to user_id: 1
[01-Jun-2025 20:42:31 Europe/Berlin] Verifying token: eyJ0eXAiOi...
[01-Jun-2025 20:42:31 Europe/Berlin] Token belongs to user_id: 1
[01-Jun-2025 20:42:31 Europe/Berlin] Verifying token: eyJ0eXAiOi...
[01-Jun-2025 20:42:31 Europe/Berlin] Token belongs to user_id: 1
[01-Jun-2025 20:42:32 Europe/Berlin] Verifying token: eyJ0eXAiOi...
[01-Jun-2025 20:42:32 Europe/Berlin] Token belongs to user_id: 1
[01-Jun-2025 20:42:32 Europe/Berlin] Verifying token: eyJ0eXAiOi...
[01-Jun-2025 20:42:32 Europe/Berlin] Token belongs to user_id: 1
[01-Jun-2025 20:42:36 Europe/Berlin] Verifying token: eyJ0eXAiOi...
[01-Jun-2025 20:42:36 Europe/Berlin] Token belongs to user_id: 1
[01-Jun-2025 20:42:36 Europe/Berlin] getCartItems raw fetched items: Array
(
)

[02-Jun-2025 02:42:36 Asia/Manila] API Request: /api/stations/horizontal
[02-Jun-2025 02:42:36 Asia/Manila] API Request: /api/stations/horizontal
[01-Jun-2025 20:42:40 Europe/Berlin] Verifying token: eyJ0eXAiOi...
[01-Jun-2025 20:42:40 Europe/Berlin] Verifying token: eyJ0eXAiOi...
[01-Jun-2025 20:42:40 Europe/Berlin] Token belongs to user_id: 1
[01-Jun-2025 20:42:40 Europe/Berlin] Token belongs to user_id: 1
[01-Jun-2025 20:42:40 Europe/Berlin] Starting cart sync for user_id: 1
[01-Jun-2025 20:42:40 Europe/Berlin] Syncing from guest session: guest_1747815353369_yjne75n0yec to user: 1
[01-Jun-2025 20:42:40 Europe/Berlin] No guest cart found for session_id: guest_1747815353369_yjne75n0yec
[01-Jun-2025 20:42:40 Europe/Berlin] getCartItems raw fetched items: Array
(
)

[01-Jun-2025 20:42:43 Europe/Berlin] Verifying token: eyJ0eXAiOi...
[01-Jun-2025 20:42:43 Europe/Berlin] Token belongs to user_id: 1
[01-Jun-2025 20:42:43 Europe/Berlin] getCartItems raw fetched items: Array
(
)

[01-Jun-2025 20:42:50 Europe/Berlin] addToCart received data: stdClass Object
(
    [station_id] => 1397
    [station_type] => vertical
    [station_name] => MMA-4231
    [session_id] => guest_1747815353369_yjne75n0yec
)

[01-Jun-2025 20:42:50 Europe/Berlin] Verifying token: eyJ0eXAiOi...
[01-Jun-2025 20:42:50 Europe/Berlin] Token belongs to user_id: 1
[01-Jun-2025 20:42:50 Europe/Berlin] Getting cart for user_id: 1, session_id: guest_1747815353369_yjne75n0yec
[01-Jun-2025 20:42:50 Europe/Berlin] Found existing user cart ID: 7
[01-Jun-2025 20:42:50 Europe/Berlin] Executing INSERT for cart_item with cart_id: 7, station_id: 1397, station_name: MMA-4231, station_type: vertical
[02-Jun-2025 02:44:04 Asia/Manila] API Request: /api/stations/gravity
[01-Jun-2025 20:44:07 Europe/Berlin] addToCart received data: stdClass Object
(
    [station_id] => 20061
    [station_type] => vertical
    [station_name] => CIMA-18A
    [session_id] => guest_1747815353369_yjne75n0yec
)

[01-Jun-2025 20:44:07 Europe/Berlin] Verifying token: eyJ0eXAiOi...
[01-Jun-2025 20:44:07 Europe/Berlin] Token belongs to user_id: 1
[01-Jun-2025 20:44:07 Europe/Berlin] Getting cart for user_id: 1, session_id: guest_1747815353369_yjne75n0yec
[01-Jun-2025 20:44:07 Europe/Berlin] Found existing user cart ID: 7
[01-Jun-2025 20:44:07 Europe/Berlin] Executing INSERT for cart_item with cart_id: 7, station_id: 20061, station_name: CIMA-18A, station_type: vertical
[02-Jun-2025 02:44:19 Asia/Manila] API Request: /api/stations/vertical
[02-Jun-2025 02:44:25 Asia/Manila] API Request: /api/stations/horizontal
[01-Jun-2025 20:48:34 Europe/Berlin] Verifying token: eyJ0eXAiOi...
[01-Jun-2025 20:48:34 Europe/Berlin] Token belongs to user_id: 1
[02-Jun-2025 02:48:34 Asia/Manila] API Request: /api/stations/horizontal
[01-Jun-2025 20:48:34 Europe/Berlin] getCartItems raw fetched items: Array
(
    [0] => Array
        (
            [item_id] => 245
            [station_id] => 20061
            [station_name] => CIMA-18A
            [station_type] => vertical
            [added_at] => 2025-06-02 02:44:07
        )

    [1] => Array
        (
            [item_id] => 244
            [station_id] => 1397
            [station_name] => MMA-4231
            [station_type] => vertical
            [added_at] => 2025-06-02 02:42:50
        )

)

[02-Jun-2025 02:48:34 Asia/Manila] API Request: /api/stations/horizontal
[01-Jun-2025 20:48:38 Europe/Berlin] Verifying token: eyJ0eXAiOi...
[01-Jun-2025 20:48:38 Europe/Berlin] Token belongs to user_id: 1
[01-Jun-2025 20:48:38 Europe/Berlin] getCartItems raw fetched items: Array
(
    [0] => Array
        (
            [item_id] => 245
            [station_id] => 20061
            [station_name] => CIMA-18A
            [station_type] => vertical
            [added_at] => 2025-06-02 02:44:07
        )

    [1] => Array
        (
            [item_id] => 244
            [station_id] => 1397
            [station_name] => MMA-4231
            [station_type] => vertical
            [added_at] => 2025-06-02 02:42:50
        )

)

[01-Jun-2025 20:48:38 Europe/Berlin] Verifying token: eyJ0eXAiOi...
[01-Jun-2025 20:48:38 Europe/Berlin] Token belongs to user_id: 1
[01-Jun-2025 20:48:38 Europe/Berlin] Starting cart sync for user_id: 1
[01-Jun-2025 20:48:38 Europe/Berlin] Syncing from guest session: guest_1747815353369_yjne75n0yec to user: 1
[01-Jun-2025 20:48:38 Europe/Berlin] No guest cart found for session_id: guest_1747815353369_yjne75n0yec
[01-Jun-2025 20:48:46 Europe/Berlin] Verifying token: eyJ0eXAiOi...
[01-Jun-2025 20:48:46 Europe/Berlin] Token belongs to user_id: 1
[01-Jun-2025 20:48:46 Europe/Berlin] getCartItems raw fetched items: Array
(
    [0] => Array
        (
            [item_id] => 245
            [station_id] => 20061
            [station_name] => CIMA-18A
            [station_type] => vertical
            [added_at] => 2025-06-02 02:44:07
        )

    [1] => Array
        (
            [item_id] => 244
            [station_id] => 1397
            [station_name] => MMA-4231
            [station_type] => vertical
            [added_at] => 2025-06-02 02:42:50
        )

)

[01-Jun-2025 20:53:20 Europe/Berlin] Verifying token: eyJ0eXAiOi...
[01-Jun-2025 20:53:20 Europe/Berlin] Token belongs to user_id: 1
[01-Jun-2025 20:53:20 Europe/Berlin] getCartItems raw fetched items: Array
(
    [0] => Array
        (
            [item_id] => 245
            [station_id] => 20061
            [station_name] => CIMA-18A
            [station_type] => vertical
            [added_at] => 2025-06-02 02:44:07
        )

    [1] => Array
        (
            [item_id] => 244
            [station_id] => 1397
            [station_name] => MMA-4231
            [station_type] => vertical
            [added_at] => 2025-06-02 02:42:50
        )

)

[02-Jun-2025 02:53:20 Asia/Manila] API Request: /api/stations/horizontal
[02-Jun-2025 02:53:20 Asia/Manila] API Request: /api/stations/horizontal
[01-Jun-2025 20:53:27 Europe/Berlin] Verifying token: eyJ0eXAiOi...
[01-Jun-2025 20:53:27 Europe/Berlin] Token belongs to user_id: 1
[01-Jun-2025 20:53:27 Europe/Berlin] Starting cart sync for user_id: 1
[01-Jun-2025 20:53:27 Europe/Berlin] Syncing from guest session: guest_1747815353369_yjne75n0yec to user: 1
[01-Jun-2025 20:53:27 Europe/Berlin] Verifying token: eyJ0eXAiOi...
[01-Jun-2025 20:53:27 Europe/Berlin] Token belongs to user_id: 1
[01-Jun-2025 20:53:27 Europe/Berlin] No guest cart found for session_id: guest_1747815353369_yjne75n0yec
[01-Jun-2025 20:53:27 Europe/Berlin] getCartItems raw fetched items: Array
(
    [0] => Array
        (
            [item_id] => 245
            [station_id] => 20061
            [station_name] => CIMA-18A
            [station_type] => vertical
            [added_at] => 2025-06-02 02:44:07
        )

    [1] => Array
        (
            [item_id] => 244
            [station_id] => 1397
            [station_name] => MMA-4231
            [station_type] => vertical
            [added_at] => 2025-06-02 02:42:50
        )

)

[01-Jun-2025 20:53:27 Europe/Berlin] Verifying token: eyJ0eXAiOi...
[01-Jun-2025 20:53:27 Europe/Berlin] Token belongs to user_id: 1
[01-Jun-2025 20:53:27 Europe/Berlin] getCartItems raw fetched items: Array
(
    [0] => Array
        (
            [item_id] => 245
            [station_id] => 20061
            [station_name] => CIMA-18A
            [station_type] => vertical
            [added_at] => 2025-06-02 02:44:07
        )

    [1] => Array
        (
            [item_id] => 244
            [station_id] => 1397
            [station_name] => MMA-4231
            [station_type] => vertical
            [added_at] => 2025-06-02 02:42:50
        )

)

[01-Jun-2025 20:53:32 Europe/Berlin] addToCart received data: stdClass Object
(
    [station_id] => 356
    [station_type] => vertical
    [station_name] => MMA-3202
    [session_id] => guest_1747815353369_yjne75n0yec
)

[01-Jun-2025 20:53:32 Europe/Berlin] Verifying token: eyJ0eXAiOi...
[01-Jun-2025 20:53:32 Europe/Berlin] Token belongs to user_id: 1
[01-Jun-2025 20:53:32 Europe/Berlin] Getting cart for user_id: 1, session_id: guest_1747815353369_yjne75n0yec
[01-Jun-2025 20:53:32 Europe/Berlin] Found existing user cart ID: 7
[01-Jun-2025 20:53:32 Europe/Berlin] Executing INSERT for cart_item with cart_id: 7, station_id: 356, station_name: MMA-3202, station_type: vertical
[01-Jun-2025 20:53:34 Europe/Berlin] Verifying token: eyJ0eXAiOi...
[01-Jun-2025 20:53:34 Europe/Berlin] Token belongs to user_id: 1
[01-Jun-2025 20:53:35 Europe/Berlin] Verifying token: eyJ0eXAiOi...
[01-Jun-2025 20:53:35 Europe/Berlin] Token belongs to user_id: 1
[01-Jun-2025 20:53:35 Europe/Berlin] Verifying token: eyJ0eXAiOi...
[01-Jun-2025 20:53:35 Europe/Berlin] Token belongs to user_id: 1
[01-Jun-2025 20:53:37 Europe/Berlin] Verifying token: eyJ0eXAiOi...
[01-Jun-2025 20:53:37 Europe/Berlin] Token belongs to user_id: 1
[01-Jun-2025 20:53:37 Europe/Berlin] getCartItems raw fetched items: Array
(
)

[02-Jun-2025 02:53:37 Asia/Manila] API Request: /api/stations/horizontal
[02-Jun-2025 02:53:37 Asia/Manila] API Request: /api/stations/horizontal
[01-Jun-2025 20:53:37 Europe/Berlin] Verifying token: eyJ0eXAiOi...
[01-Jun-2025 20:53:37 Europe/Berlin] Token belongs to user_id: 1
[01-Jun-2025 20:53:37 Europe/Berlin] getCartItems raw fetched items: Array
(
)

[01-Jun-2025 20:53:40 Europe/Berlin] Verifying token: eyJ0eXAiOi...
[01-Jun-2025 20:53:40 Europe/Berlin] Token belongs to user_id: 1
[01-Jun-2025 20:53:40 Europe/Berlin] Starting cart sync for user_id: 1
[01-Jun-2025 20:53:40 Europe/Berlin] Syncing from guest session: guest_1747815353369_yjne75n0yec to user: 1
[01-Jun-2025 20:53:40 Europe/Berlin] No guest cart found for session_id: guest_1747815353369_yjne75n0yec
[01-Jun-2025 20:53:43 Europe/Berlin] Verifying token: eyJ0eXAiOi...
[01-Jun-2025 20:53:43 Europe/Berlin] Token belongs to user_id: 1
[01-Jun-2025 20:53:43 Europe/Berlin] getCartItems raw fetched items: Array
(
)

[01-Jun-2025 20:54:49 Europe/Berlin] Verifying token: eyJ0eXAiOi...
[01-Jun-2025 20:54:49 Europe/Berlin] Token belongs to user_id: 1
[01-Jun-2025 20:54:49 Europe/Berlin] getCartItems raw fetched items: Array
(
)

[02-Jun-2025 02:54:49 Asia/Manila] API Request: /api/stations/horizontal
[02-Jun-2025 02:54:49 Asia/Manila] API Request: /api/stations/horizontal
[01-Jun-2025 20:54:52 Europe/Berlin] Verifying token: eyJ0eXAiOi...
[01-Jun-2025 20:54:52 Europe/Berlin] Verifying token: eyJ0eXAiOi...
[01-Jun-2025 20:54:52 Europe/Berlin] Token belongs to user_id: 1
[01-Jun-2025 20:54:52 Europe/Berlin] Token belongs to user_id: 1
[01-Jun-2025 20:54:52 Europe/Berlin] Starting cart sync for user_id: 1
[01-Jun-2025 20:54:52 Europe/Berlin] Syncing from guest session: guest_1747815353369_yjne75n0yec to user: 1
[01-Jun-2025 20:54:52 Europe/Berlin] getCartItems raw fetched items: Array
(
)

[01-Jun-2025 20:54:52 Europe/Berlin] No guest cart found for session_id: guest_1747815353369_yjne75n0yec
[01-Jun-2025 20:54:59 Europe/Berlin] Verifying token: eyJ0eXAiOi...
[01-Jun-2025 20:54:59 Europe/Berlin] Token belongs to user_id: 1
[01-Jun-2025 20:54:59 Europe/Berlin] getCartItems raw fetched items: Array
(
)

[01-Jun-2025 21:01:00 Europe/Berlin] Verifying token: eyJ0eXAiOi...
[01-Jun-2025 21:01:00 Europe/Berlin] Token belongs to user_id: 1
[01-Jun-2025 21:01:00 Europe/Berlin] getCartItems raw fetched items: Array
(
)

[02-Jun-2025 03:01:00 Asia/Manila] API Request: /api/stations/horizontal
[02-Jun-2025 03:01:00 Asia/Manila] API Request: /api/stations/horizontal
[01-Jun-2025 21:01:08 Europe/Berlin] Verifying token: eyJ0eXAiOi...
[01-Jun-2025 21:01:08 Europe/Berlin] Verifying token: eyJ0eXAiOi...
[01-Jun-2025 21:01:08 Europe/Berlin] Token belongs to user_id: 1
[01-Jun-2025 21:01:08 Europe/Berlin] Token belongs to user_id: 1
[01-Jun-2025 21:01:08 Europe/Berlin] Starting cart sync for user_id: 1
[01-Jun-2025 21:01:08 Europe/Berlin] Syncing from guest session: guest_1747815353369_yjne75n0yec to user: 1
[01-Jun-2025 21:01:08 Europe/Berlin] getCartItems raw fetched items: Array
(
)

[01-Jun-2025 21:01:08 Europe/Berlin] No guest cart found for session_id: guest_1747815353369_yjne75n0yec
[01-Jun-2025 21:01:08 Europe/Berlin] Verifying token: eyJ0eXAiOi...
[01-Jun-2025 21:01:08 Europe/Berlin] Token belongs to user_id: 1
[01-Jun-2025 21:01:08 Europe/Berlin] getCartItems raw fetched items: Array
(
)

[01-Jun-2025 21:02:18 Europe/Berlin] Verifying token: eyJ0eXAiOi...
[01-Jun-2025 21:02:18 Europe/Berlin] Token belongs to user_id: 1
[01-Jun-2025 21:02:18 Europe/Berlin] getCartItems raw fetched items: Array
(
)

[02-Jun-2025 03:02:19 Asia/Manila] API Request: /api/stations/horizontal
[02-Jun-2025 03:02:19 Asia/Manila] API Request: /api/stations/horizontal
[01-Jun-2025 21:02:25 Europe/Berlin] Verifying token: eyJ0eXAiOi...
[01-Jun-2025 21:02:25 Europe/Berlin] Token belongs to user_id: 1
[01-Jun-2025 21:02:25 Europe/Berlin] getCartItems raw fetched items: Array
(
)

[01-Jun-2025 21:02:25 Europe/Berlin] Verifying token: eyJ0eXAiOi...
[01-Jun-2025 21:02:25 Europe/Berlin] Token belongs to user_id: 1
[01-Jun-2025 21:02:25 Europe/Berlin] Starting cart sync for user_id: 1
[01-Jun-2025 21:02:25 Europe/Berlin] Syncing from guest session: guest_1747815353369_yjne75n0yec to user: 1
[01-Jun-2025 21:02:25 Europe/Berlin] No guest cart found for session_id: guest_1747815353369_yjne75n0yec
[01-Jun-2025 21:02:27 Europe/Berlin] Verifying token: eyJ0eXAiOi...
[01-Jun-2025 21:02:27 Europe/Berlin] Token belongs to user_id: 1
[01-Jun-2025 21:02:27 Europe/Berlin] getCartItems raw fetched items: Array
(
)

[01-Jun-2025 21:10:21 Europe/Berlin] Verifying token: eyJ0eXAiOi...
[01-Jun-2025 21:10:21 Europe/Berlin] Token belongs to user_id: 1
[02-Jun-2025 03:10:21 Asia/Manila] API Request: /api/stations/horizontal
[01-Jun-2025 21:10:21 Europe/Berlin] getCartItems raw fetched items: Array
(
)

[02-Jun-2025 03:10:21 Asia/Manila] API Request: /api/stations/horizontal
[01-Jun-2025 21:10:28 Europe/Berlin] Verifying token: eyJ0eXAiOi...
[01-Jun-2025 21:10:28 Europe/Berlin] Verifying token: eyJ0eXAiOi...
[01-Jun-2025 21:10:28 Europe/Berlin] Token belongs to user_id: 1
[01-Jun-2025 21:10:28 Europe/Berlin] Token belongs to user_id: 1
[01-Jun-2025 21:10:28 Europe/Berlin] Starting cart sync for user_id: 1
[01-Jun-2025 21:10:28 Europe/Berlin] Syncing from guest session: guest_1747815353369_yjne75n0yec to user: 1
[01-Jun-2025 21:10:28 Europe/Berlin] getCartItems raw fetched items: Array
(
)

[01-Jun-2025 21:10:28 Europe/Berlin] No guest cart found for session_id: guest_1747815353369_yjne75n0yec
[01-Jun-2025 21:10:28 Europe/Berlin] Verifying token: eyJ0eXAiOi...
[01-Jun-2025 21:10:28 Europe/Berlin] Token belongs to user_id: 1
[01-Jun-2025 21:10:28 Europe/Berlin] getCartItems raw fetched items: Array
(
)

[01-Jun-2025 21:10:50 Europe/Berlin] addToCart received data: stdClass Object
(
    [station_id] => 356
    [station_type] => horizontal
    [station_name] => MMA-3202
    [session_id] => guest_1747815353369_yjne75n0yec
)

[01-Jun-2025 21:10:50 Europe/Berlin] Verifying token: eyJ0eXAiOi...
[01-Jun-2025 21:10:50 Europe/Berlin] Token belongs to user_id: 1
[01-Jun-2025 21:10:50 Europe/Berlin] Getting cart for user_id: 1, session_id: guest_1747815353369_yjne75n0yec
[01-Jun-2025 21:10:50 Europe/Berlin] Found existing user cart ID: 7
[01-Jun-2025 21:10:50 Europe/Berlin] Executing INSERT for cart_item with cart_id: 7, station_id: 356, station_name: MMA-3202, station_type: horizontal
[01-Jun-2025 21:10:53 Europe/Berlin] addToCart received data: stdClass Object
(
    [station_id] => 356
    [station_type] => caap
    [station_name] => MMA-3202
    [session_id] => guest_1747815353369_yjne75n0yec
)

[01-Jun-2025 21:10:53 Europe/Berlin] Verifying token: eyJ0eXAiOi...
[01-Jun-2025 21:10:53 Europe/Berlin] Token belongs to user_id: 1
[01-Jun-2025 21:10:53 Europe/Berlin] Getting cart for user_id: 1, session_id: guest_1747815353369_yjne75n0yec
[01-Jun-2025 21:10:53 Europe/Berlin] Found existing user cart ID: 7
[01-Jun-2025 21:10:53 Europe/Berlin] Executing INSERT for cart_item with cart_id: 7, station_id: 356, station_name: MMA-3202, station_type: caap
[01-Jun-2025 21:12:28 Europe/Berlin] Verifying token: eyJ0eXAiOi...
[01-Jun-2025 21:12:28 Europe/Berlin] Token belongs to user_id: 1
[01-Jun-2025 21:12:28 Europe/Berlin] getCartItems raw fetched items: Array
(
    [0] => Array
        (
            [item_id] => 248
            [station_id] => 356
            [station_name] => MMA-3202
            [station_type] => caap
            [added_at] => 2025-06-02 03:10:53
        )

    [1] => Array
        (
            [item_id] => 247
            [station_id] => 356
            [station_name] => MMA-3202
            [station_type] => horizontal
            [added_at] => 2025-06-02 03:10:50
        )

)

[02-Jun-2025 03:12:28 Asia/Manila] API Request: /api/stations/horizontal
[02-Jun-2025 03:12:28 Asia/Manila] API Request: /api/stations/horizontal
[01-Jun-2025 21:12:34 Europe/Berlin] Verifying token: eyJ0eXAiOi...
[01-Jun-2025 21:12:34 Europe/Berlin] Token belongs to user_id: 1
[01-Jun-2025 21:12:34 Europe/Berlin] Starting cart sync for user_id: 1
[01-Jun-2025 21:12:34 Europe/Berlin] Syncing from guest session: guest_1747815353369_yjne75n0yec to user: 1
[01-Jun-2025 21:12:34 Europe/Berlin] Verifying token: eyJ0eXAiOi...
[01-Jun-2025 21:12:34 Europe/Berlin] Token belongs to user_id: 1
[01-Jun-2025 21:12:34 Europe/Berlin] No guest cart found for session_id: guest_1747815353369_yjne75n0yec
[01-Jun-2025 21:12:34 Europe/Berlin] getCartItems raw fetched items: Array
(
    [0] => Array
        (
            [item_id] => 248
            [station_id] => 356
            [station_name] => MMA-3202
            [station_type] => caap
            [added_at] => 2025-06-02 03:10:53
        )

    [1] => Array
        (
            [item_id] => 247
            [station_id] => 356
            [station_name] => MMA-3202
            [station_type] => horizontal
            [added_at] => 2025-06-02 03:10:50
        )

)

[01-Jun-2025 21:12:35 Europe/Berlin] Verifying token: eyJ0eXAiOi...
[01-Jun-2025 21:12:35 Europe/Berlin] Token belongs to user_id: 1
[01-Jun-2025 21:12:35 Europe/Berlin] getCartItems raw fetched items: Array
(
    [0] => Array
        (
            [item_id] => 248
            [station_id] => 356
            [station_name] => MMA-3202
            [station_type] => caap
            [added_at] => 2025-06-02 03:10:53
        )

    [1] => Array
        (
            [item_id] => 247
            [station_id] => 356
            [station_name] => MMA-3202
            [station_type] => horizontal
            [added_at] => 2025-06-02 03:10:50
        )

)

[01-Jun-2025 21:12:40 Europe/Berlin] Verifying token: eyJ0eXAiOi...
[01-Jun-2025 21:12:40 Europe/Berlin] Token belongs to user_id: 1
[01-Jun-2025 21:12:41 Europe/Berlin] Verifying token: eyJ0eXAiOi...
[01-Jun-2025 21:12:41 Europe/Berlin] Token belongs to user_id: 1
[01-Jun-2025 21:12:43 Europe/Berlin] addToCart received data: stdClass Object
(
    [station_id] => 356
    [station_type] => horizontal
    [station_name] => MMA-3202
    [session_id] => guest_1747815353369_yjne75n0yec
)

[01-Jun-2025 21:12:43 Europe/Berlin] Verifying token: eyJ0eXAiOi...
[01-Jun-2025 21:12:43 Europe/Berlin] Token belongs to user_id: 1
[01-Jun-2025 21:12:43 Europe/Berlin] Getting cart for user_id: 1, session_id: guest_1747815353369_yjne75n0yec
[01-Jun-2025 21:12:43 Europe/Berlin] Found existing user cart ID: 7
[01-Jun-2025 21:12:43 Europe/Berlin] Executing INSERT for cart_item with cart_id: 7, station_id: 356, station_name: MMA-3202, station_type: horizontal
[01-Jun-2025 21:12:45 Europe/Berlin] addToCart received data: stdClass Object
(
    [station_id] => 356
    [station_type] => caap
    [station_name] => MMA-3202
    [session_id] => guest_1747815353369_yjne75n0yec
)

[01-Jun-2025 21:12:45 Europe/Berlin] Verifying token: eyJ0eXAiOi...
[01-Jun-2025 21:12:45 Europe/Berlin] Token belongs to user_id: 1
[01-Jun-2025 21:12:45 Europe/Berlin] Getting cart for user_id: 1, session_id: guest_1747815353369_yjne75n0yec
[01-Jun-2025 21:12:45 Europe/Berlin] Found existing user cart ID: 7
[01-Jun-2025 21:12:45 Europe/Berlin] Executing INSERT for cart_item with cart_id: 7, station_id: 356, station_name: MMA-3202, station_type: caap
[01-Jun-2025 21:13:05 Europe/Berlin] Verifying token: eyJ0eXAiOi...
[01-Jun-2025 21:13:05 Europe/Berlin] Token belongs to user_id: 1
[01-Jun-2025 21:13:05 Europe/Berlin] Verifying token: eyJ0eXAiOi...
[01-Jun-2025 21:13:05 Europe/Berlin] Token belongs to user_id: 1
[01-Jun-2025 21:13:07 Europe/Berlin] addToCart received data: stdClass Object
(
    [station_id] => 356
    [station_type] => horizontal
    [station_name] => MMA-3202
    [session_id] => guest_1747815353369_yjne75n0yec
)

[01-Jun-2025 21:13:07 Europe/Berlin] Verifying token: eyJ0eXAiOi...
[01-Jun-2025 21:13:07 Europe/Berlin] Token belongs to user_id: 1
[01-Jun-2025 21:13:07 Europe/Berlin] Getting cart for user_id: 1, session_id: guest_1747815353369_yjne75n0yec
[01-Jun-2025 21:13:07 Europe/Berlin] Found existing user cart ID: 7
[01-Jun-2025 21:13:07 Europe/Berlin] Executing INSERT for cart_item with cart_id: 7, station_id: 356, station_name: MMA-3202, station_type: horizontal
[01-Jun-2025 21:13:09 Europe/Berlin] addToCart received data: stdClass Object
(
    [station_id] => 356
    [station_type] => caap
    [station_name] => MMA-3202
    [session_id] => guest_1747815353369_yjne75n0yec
)

[01-Jun-2025 21:13:09 Europe/Berlin] Verifying token: eyJ0eXAiOi...
[01-Jun-2025 21:13:09 Europe/Berlin] Token belongs to user_id: 1
[01-Jun-2025 21:13:09 Europe/Berlin] Getting cart for user_id: 1, session_id: guest_1747815353369_yjne75n0yec
[01-Jun-2025 21:13:09 Europe/Berlin] Found existing user cart ID: 7
[01-Jun-2025 21:13:09 Europe/Berlin] Executing INSERT for cart_item with cart_id: 7, station_id: 356, station_name: MMA-3202, station_type: caap
[01-Jun-2025 21:13:11 Europe/Berlin] Verifying token: eyJ0eXAiOi...
[01-Jun-2025 21:13:11 Europe/Berlin] Token belongs to user_id: 1
[01-Jun-2025 21:13:11 Europe/Berlin] getCartItems raw fetched items: Array
(
    [0] => Array
        (
            [item_id] => 252
            [station_id] => 356
            [station_name] => MMA-3202
            [station_type] => caap
            [added_at] => 2025-06-02 03:13:09
        )

    [1] => Array
        (
            [item_id] => 251
            [station_id] => 356
            [station_name] => MMA-3202
            [station_type] => horizontal
            [added_at] => 2025-06-02 03:13:07
        )

)

[02-Jun-2025 03:13:11 Asia/Manila] API Request: /api/stations/horizontal
[02-Jun-2025 03:13:11 Asia/Manila] API Request: /api/stations/horizontal
[01-Jun-2025 21:13:17 Europe/Berlin] Verifying token: eyJ0eXAiOi...
[01-Jun-2025 21:13:17 Europe/Berlin] Verifying token: eyJ0eXAiOi...
[01-Jun-2025 21:13:17 Europe/Berlin] Token belongs to user_id: 1
[01-Jun-2025 21:13:17 Europe/Berlin] Token belongs to user_id: 1
[01-Jun-2025 21:13:17 Europe/Berlin] Starting cart sync for user_id: 1
[01-Jun-2025 21:13:17 Europe/Berlin] Syncing from guest session: guest_1747815353369_yjne75n0yec to user: 1
[01-Jun-2025 21:13:17 Europe/Berlin] getCartItems raw fetched items: Array
(
    [0] => Array
        (
            [item_id] => 252
            [station_id] => 356
            [station_name] => MMA-3202
            [station_type] => caap
            [added_at] => 2025-06-02 03:13:09
        )

    [1] => Array
        (
            [item_id] => 251
            [station_id] => 356
            [station_name] => MMA-3202
            [station_type] => horizontal
            [added_at] => 2025-06-02 03:13:07
        )

)

[01-Jun-2025 21:13:17 Europe/Berlin] No guest cart found for session_id: guest_1747815353369_yjne75n0yec
[01-Jun-2025 21:13:18 Europe/Berlin] Verifying token: eyJ0eXAiOi...
[01-Jun-2025 21:13:18 Europe/Berlin] Token belongs to user_id: 1
[01-Jun-2025 21:13:18 Europe/Berlin] getCartItems raw fetched items: Array
(
    [0] => Array
        (
            [item_id] => 252
            [station_id] => 356
            [station_name] => MMA-3202
            [station_type] => caap
            [added_at] => 2025-06-02 03:13:09
        )

    [1] => Array
        (
            [item_id] => 251
            [station_id] => 356
            [station_name] => MMA-3202
            [station_type] => horizontal
            [added_at] => 2025-06-02 03:13:07
        )

)

[02-Jun-2025 03:14:33 Asia/Manila] API Request: /api/stations/vertical
[01-Jun-2025 21:14:54 Europe/Berlin] addToCart received data: stdClass Object
(
    [station_id] => 1132
    [station_type] => vertical
    [station_name] => MMA-3565
    [session_id] => guest_1747815353369_yjne75n0yec
)

[01-Jun-2025 21:14:54 Europe/Berlin] Verifying token: eyJ0eXAiOi...
[01-Jun-2025 21:14:54 Europe/Berlin] Token belongs to user_id: 1
[01-Jun-2025 21:14:54 Europe/Berlin] Getting cart for user_id: 1, session_id: guest_1747815353369_yjne75n0yec
[01-Jun-2025 21:14:54 Europe/Berlin] Found existing user cart ID: 7
[01-Jun-2025 21:14:54 Europe/Berlin] Executing INSERT for cart_item with cart_id: 7, station_id: 1132, station_name: MMA-3565, station_type: vertical
[01-Jun-2025 21:15:03 Europe/Berlin] addToCart received data: stdClass Object
(
    [station_id] => 1
    [station_type] => vertical
    [station_name] => MMA-4269 (GM-3HA)
    [session_id] => guest_1747815353369_yjne75n0yec
)

[01-Jun-2025 21:15:03 Europe/Berlin] Verifying token: eyJ0eXAiOi...
[01-Jun-2025 21:15:03 Europe/Berlin] Token belongs to user_id: 1
[01-Jun-2025 21:15:03 Europe/Berlin] Getting cart for user_id: 1, session_id: guest_1747815353369_yjne75n0yec
[01-Jun-2025 21:15:03 Europe/Berlin] Found existing user cart ID: 7
[01-Jun-2025 21:15:03 Europe/Berlin] Executing INSERT for cart_item with cart_id: 7, station_id: 1, station_name: MMA-4269 (GM-3HA), station_type: vertical
[02-Jun-2025 03:15:10 Asia/Manila] API Request: /api/stations/horizontal
[01-Jun-2025 21:16:16 Europe/Berlin] Verifying token: eyJ0eXAiOi...
[01-Jun-2025 21:16:16 Europe/Berlin] Token belongs to user_id: 1
[01-Jun-2025 21:16:16 Europe/Berlin] getCartItems raw fetched items: Array
(
    [0] => Array
        (
            [item_id] => 254
            [station_id] => 1
            [station_name] => MMA-4269 (GM-3HA)
            [station_type] => vertical
            [added_at] => 2025-06-02 03:15:03
        )

    [1] => Array
        (
            [item_id] => 253
            [station_id] => 1132
            [station_name] => MMA-3565
            [station_type] => vertical
            [added_at] => 2025-06-02 03:14:54
        )

    [2] => Array
        (
            [item_id] => 252
            [station_id] => 356
            [station_name] => MMA-3202
            [station_type] => caap
            [added_at] => 2025-06-02 03:13:09
        )

    [3] => Array
        (
            [item_id] => 251
            [station_id] => 356
            [station_name] => MMA-3202
            [station_type] => horizontal
            [added_at] => 2025-06-02 03:13:07
        )

)

[02-Jun-2025 03:16:16 Asia/Manila] API Request: /api/stations/horizontal
[02-Jun-2025 03:16:16 Asia/Manila] API Request: /api/stations/horizontal
[01-Jun-2025 21:16:25 Europe/Berlin] Verifying token: eyJ0eXAiOi...
[01-Jun-2025 21:16:25 Europe/Berlin] Token belongs to user_id: 1
[01-Jun-2025 21:16:25 Europe/Berlin] getCartItems raw fetched items: Array
(
    [0] => Array
        (
            [item_id] => 254
            [station_id] => 1
            [station_name] => MMA-4269 (GM-3HA)
            [station_type] => vertical
            [added_at] => 2025-06-02 03:15:03
        )

    [1] => Array
        (
            [item_id] => 253
            [station_id] => 1132
            [station_name] => MMA-3565
            [station_type] => vertical
            [added_at] => 2025-06-02 03:14:54
        )

    [2] => Array
        (
            [item_id] => 252
            [station_id] => 356
            [station_name] => MMA-3202
            [station_type] => caap
            [added_at] => 2025-06-02 03:13:09
        )

    [3] => Array
        (
            [item_id] => 251
            [station_id] => 356
            [station_name] => MMA-3202
            [station_type] => horizontal
            [added_at] => 2025-06-02 03:13:07
        )

)

[01-Jun-2025 21:16:25 Europe/Berlin] Verifying token: eyJ0eXAiOi...
[01-Jun-2025 21:16:25 Europe/Berlin] Token belongs to user_id: 1
[01-Jun-2025 21:16:25 Europe/Berlin] Starting cart sync for user_id: 1
[01-Jun-2025 21:16:25 Europe/Berlin] Syncing from guest session: guest_1747815353369_yjne75n0yec to user: 1
[01-Jun-2025 21:16:25 Europe/Berlin] No guest cart found for session_id: guest_1747815353369_yjne75n0yec
[01-Jun-2025 21:16:25 Europe/Berlin] Verifying token: eyJ0eXAiOi...
[01-Jun-2025 21:16:25 Europe/Berlin] Token belongs to user_id: 1
[01-Jun-2025 21:16:25 Europe/Berlin] getCartItems raw fetched items: Array
(
    [0] => Array
        (
            [item_id] => 254
            [station_id] => 1
            [station_name] => MMA-4269 (GM-3HA)
            [station_type] => vertical
            [added_at] => 2025-06-02 03:15:03
        )

    [1] => Array
        (
            [item_id] => 253
            [station_id] => 1132
            [station_name] => MMA-3565
            [station_type] => vertical
            [added_at] => 2025-06-02 03:14:54
        )

    [2] => Array
        (
            [item_id] => 252
            [station_id] => 356
            [station_name] => MMA-3202
            [station_type] => caap
            [added_at] => 2025-06-02 03:13:09
        )

    [3] => Array
        (
            [item_id] => 251
            [station_id] => 356
            [station_name] => MMA-3202
            [station_type] => horizontal
            [added_at] => 2025-06-02 03:13:07
        )

)

[02-Jun-2025 03:16:35 Asia/Manila] API Request: /api/stations/vertical
[02-Jun-2025 03:16:43 Asia/Manila] API Request: /api/stations/gravity
[02-Jun-2025 03:17:18 Asia/Manila] [2025-06-02 03:17:18] getAllPayments called by user_id: 1
[02-Jun-2025 03:17:18 Asia/Manila] [2025-06-02 03:17:18] Running query: SELECT t.*,
                pm.method_name, 
                r.user_id, r.transaction_code,
                u.username, u.email,
                rs.status_name
                FROM transactions t
                LEFT JOIN payment_methods pm ON t.payment_method_id = pm.payment_method_id
                LEFT JOIN requests r ON t.request_id = r.request_id
                LEFT JOIN users u ON r.user_id = u.user_id
                LEFT JOIN request_statuses rs ON t.status_id = rs.status_id
                ORDER BY t.payment_date DESC
                LIMIT :offset, :per_page
[02-Jun-2025 03:17:18 Asia/Manila] [2025-06-02 03:17:18] Found 3 transactions
[02-Jun-2025 03:17:27 Asia/Manila] Admin API Request received: GET /api/admin/stations/vertical
[02-Jun-2025 03:17:27 Asia/Manila] Admin API Request received: GET /api/admin/regions
[02-Jun-2025 03:17:27 Asia/Manila] Query parameters: Array
(
)

[02-Jun-2025 03:17:27 Asia/Manila] Query parameters: Array
(
)

[02-Jun-2025 03:17:27 Asia/Manila] Admin: Fetching stations for type: vertical
[02-Jun-2025 03:17:27 Asia/Manila] Admin: Fetching regions
[02-Jun-2025 03:17:27 Asia/Manila] Admin API Request received: GET /api/admin/provinces
[02-Jun-2025 03:17:27 Asia/Manila] Query parameters: Array
(
)

[02-Jun-2025 03:17:27 Asia/Manila] Admin: Fetching provinces for region: 
[02-Jun-2025 03:17:27 Asia/Manila] Admin API Request received: GET /api/admin/cities
[02-Jun-2025 03:17:27 Asia/Manila] Query parameters: Array
(
)

[02-Jun-2025 03:17:27 Asia/Manila] Admin: Fetching cities for province: 
[02-Jun-2025 03:17:27 Asia/Manila] Admin API Request received: GET /api/admin/regions
[02-Jun-2025 03:17:27 Asia/Manila] Query parameters: Array
(
)

[02-Jun-2025 03:17:27 Asia/Manila] Admin: Fetching regions
[02-Jun-2025 03:17:27 Asia/Manila] Admin API Request received: GET /api/admin/barangays
[02-Jun-2025 03:17:27 Asia/Manila] Query parameters: Array
(
)

[02-Jun-2025 03:17:27 Asia/Manila] Admin: Fetching barangays for city: 
[02-Jun-2025 03:17:27 Asia/Manila] Admin API Request received: GET /api/admin/provinces
[02-Jun-2025 03:17:27 Asia/Manila] Query parameters: Array
(
)

[02-Jun-2025 03:17:27 Asia/Manila] Admin: Fetching provinces for region: 
[02-Jun-2025 03:17:27 Asia/Manila] Admin API Request received: GET /api/admin/cities
[02-Jun-2025 03:17:27 Asia/Manila] Query parameters: Array
(
)

[02-Jun-2025 03:17:27 Asia/Manila] Admin: Fetching cities for province: 
[02-Jun-2025 03:17:27 Asia/Manila] Admin API Request received: GET /api/admin/barangays
[02-Jun-2025 03:17:27 Asia/Manila] Query parameters: Array
(
)

[02-Jun-2025 03:17:27 Asia/Manila] Admin: Fetching barangays for city: 
[01-Jun-2025 21:17:28 Europe/Berlin] Verifying token: eyJ0eXAiOi...
[01-Jun-2025 21:17:28 Europe/Berlin] Token belongs to user_id: 1
[01-Jun-2025 21:17:28 Europe/Berlin] getCartItems raw fetched items: Array
(
    [0] => Array
        (
            [item_id] => 254
            [station_id] => 1
            [station_name] => MMA-4269 (GM-3HA)
            [station_type] => vertical
            [added_at] => 2025-06-02 03:15:03
        )

    [1] => Array
        (
            [item_id] => 253
            [station_id] => 1132
            [station_name] => MMA-3565
            [station_type] => vertical
            [added_at] => 2025-06-02 03:14:54
        )

    [2] => Array
        (
            [item_id] => 252
            [station_id] => 356
            [station_name] => MMA-3202
            [station_type] => caap
            [added_at] => 2025-06-02 03:13:09
        )

    [3] => Array
        (
            [item_id] => 251
            [station_id] => 356
            [station_name] => MMA-3202
            [station_type] => horizontal
            [added_at] => 2025-06-02 03:13:07
        )

)

[02-Jun-2025 03:17:28 Asia/Manila] API Request: /api/stations/horizontal
[02-Jun-2025 03:17:28 Asia/Manila] API Request: /api/stations/horizontal
[01-Jun-2025 21:17:32 Europe/Berlin] Verifying token: eyJ0eXAiOi...
[01-Jun-2025 21:17:32 Europe/Berlin] Verifying token: eyJ0eXAiOi...
[01-Jun-2025 21:17:32 Europe/Berlin] Token belongs to user_id: 1
[01-Jun-2025 21:17:32 Europe/Berlin] Token belongs to user_id: 1
[01-Jun-2025 21:17:32 Europe/Berlin] Starting cart sync for user_id: 1
[01-Jun-2025 21:17:32 Europe/Berlin] Syncing from guest session: guest_1747815353369_yjne75n0yec to user: 1
[01-Jun-2025 21:17:32 Europe/Berlin] No guest cart found for session_id: guest_1747815353369_yjne75n0yec
[01-Jun-2025 21:17:32 Europe/Berlin] getCartItems raw fetched items: Array
(
    [0] => Array
        (
            [item_id] => 254
            [station_id] => 1
            [station_name] => MMA-4269 (GM-3HA)
            [station_type] => vertical
            [added_at] => 2025-06-02 03:15:03
        )

    [1] => Array
        (
            [item_id] => 253
            [station_id] => 1132
            [station_name] => MMA-3565
            [station_type] => vertical
            [added_at] => 2025-06-02 03:14:54
        )

    [2] => Array
        (
            [item_id] => 252
            [station_id] => 356
            [station_name] => MMA-3202
            [station_type] => caap
            [added_at] => 2025-06-02 03:13:09
        )

    [3] => Array
        (
            [item_id] => 251
            [station_id] => 356
            [station_name] => MMA-3202
            [station_type] => horizontal
            [added_at] => 2025-06-02 03:13:07
        )

)

[01-Jun-2025 21:17:35 Europe/Berlin] Verifying token: eyJ0eXAiOi...
[01-Jun-2025 21:17:35 Europe/Berlin] Token belongs to user_id: 1
[01-Jun-2025 21:17:35 Europe/Berlin] getCartItems raw fetched items: Array
(
    [0] => Array
        (
            [item_id] => 254
            [station_id] => 1
            [station_name] => MMA-4269 (GM-3HA)
            [station_type] => vertical
            [added_at] => 2025-06-02 03:15:03
        )

    [1] => Array
        (
            [item_id] => 253
            [station_id] => 1132
            [station_name] => MMA-3565
            [station_type] => vertical
            [added_at] => 2025-06-02 03:14:54
        )

    [2] => Array
        (
            [item_id] => 252
            [station_id] => 356
            [station_name] => MMA-3202
            [station_type] => caap
            [added_at] => 2025-06-02 03:13:09
        )

    [3] => Array
        (
            [item_id] => 251
            [station_id] => 356
            [station_name] => MMA-3202
            [station_type] => horizontal
            [added_at] => 2025-06-02 03:13:07
        )

)

